// Jest Snapshot v1, https://goo.gl/fbAQLP

exports[`Alert test 1`] = `ShallowWrapper {}`;
